// Jest Snapshot v1, https://jestjs.io/docs/snapshot-testing

exports[`CII regressions should fix #146 (missing TaxTotalAmount) 1`] = `
"<?xml version="1.0" encoding="utf-8"?>
<rsm:CrossIndustryInvoice xmlns:xsi="http://www.w3.org/2001/XMLSchema-instance" xsi:schemaLocation="urn:un:unece:uncefact:data:standard:CrossIndustryInvoice:100 ../schema/D16B%20SCRDM%20(Subset)/uncoupled%20clm/CII/uncefact/data/standard/CrossIndustryInvoice_100pD16B.xsd" xmlns:qdt="urn:un:unece:uncefact:data:standard:QualifiedDataType:100" xmlns:udt="urn:un:unece:uncefact:data:standard:UnqualifiedDataType:100" xmlns:rsm="urn:un:unece:uncefact:data:standard:CrossIndustryInvoice:100" xmlns:ram="urn:un:unece:uncefact:data:standard:ReusableAggregateBusinessInformationEntity:100">
	<rsm:SupplyChainTradeTransaction>
		<ram:ApplicableHeaderTradeDelivery/>
		<ram:ApplicableHeaderTradeSettlement>
			<ram:SpecifiedTradeSettlementHeaderMonetarySummation>
				<ram:LineTotalAmount>100.00</ram:LineTotalAmount>
				<ram:TaxTotalAmount currencyID="BGN">20.00</ram:TaxTotalAmount>
			</ram:SpecifiedTradeSettlementHeaderMonetarySummation>
		</ram:ApplicableHeaderTradeSettlement>
	</rsm:SupplyChainTradeTransaction>
</rsm:CrossIndustryInvoice>"
`;

exports[`CII should convert arrays 1`] = `
"<?xml version="1.0" encoding="utf-8"?>
<rsm:CrossIndustryInvoice xmlns:xsi="http://www.w3.org/2001/XMLSchema-instance" xsi:schemaLocation="urn:un:unece:uncefact:data:standard:CrossIndustryInvoice:100 ../schema/D16B%20SCRDM%20(Subset)/uncoupled%20clm/CII/uncefact/data/standard/CrossIndustryInvoice_100pD16B.xsd" xmlns:qdt="urn:un:unece:uncefact:data:standard:QualifiedDataType:100" xmlns:udt="urn:un:unece:uncefact:data:standard:UnqualifiedDataType:100" xmlns:rsm="urn:un:unece:uncefact:data:standard:CrossIndustryInvoice:100" xmlns:ram="urn:un:unece:uncefact:data:standard:ReusableAggregateBusinessInformationEntity:100">
	<rsm:SupplyChainTradeTransaction>
		<ram:IncludedSupplyChainTradeLineItem>
			<ram:AssociatedDocumentLineDocument>
				<ram:LineID>1</ram:LineID>
			</ram:AssociatedDocumentLineDocument>
			<ram:SpecifiedTradeProduct>
				<ram:Name>Duff Beer by the Barrel</ram:Name>
			</ram:SpecifiedTradeProduct>
		</ram:IncludedSupplyChainTradeLineItem>
		<ram:IncludedSupplyChainTradeLineItem>
			<ram:AssociatedDocumentLineDocument>
				<ram:LineID>2</ram:LineID>
			</ram:AssociatedDocumentLineDocument>
			<ram:SpecifiedTradeProduct>
				<ram:Name>Do-It-Yourself Nuclear Power Plant Kit</ram:Name>
			</ram:SpecifiedTradeProduct>
		</ram:IncludedSupplyChainTradeLineItem>
		<ram:IncludedSupplyChainTradeLineItem>
			<ram:AssociatedDocumentLineDocument>
				<ram:LineID>3</ram:LineID>
			</ram:AssociatedDocumentLineDocument>
			<ram:SpecifiedTradeProduct>
				<ram:Name>Monorail Maintenance Fee </ram:Name>
			</ram:SpecifiedTradeProduct>
		</ram:IncludedSupplyChainTradeLineItem>
		<ram:ApplicableHeaderTradeDelivery/>
	</rsm:SupplyChainTradeTransaction>
</rsm:CrossIndustryInvoice>"
`;

exports[`CII should convert string values 1`] = `
"<?xml version="1.0" encoding="utf-8"?>
<rsm:CrossIndustryInvoice xmlns:xsi="http://www.w3.org/2001/XMLSchema-instance" xsi:schemaLocation="urn:un:unece:uncefact:data:standard:CrossIndustryInvoice:100 ../schema/D16B%20SCRDM%20(Subset)/uncoupled%20clm/CII/uncefact/data/standard/CrossIndustryInvoice_100pD16B.xsd" xmlns:qdt="urn:un:unece:uncefact:data:standard:QualifiedDataType:100" xmlns:udt="urn:un:unece:uncefact:data:standard:UnqualifiedDataType:100" xmlns:rsm="urn:un:unece:uncefact:data:standard:CrossIndustryInvoice:100" xmlns:ram="urn:un:unece:uncefact:data:standard:ReusableAggregateBusinessInformationEntity:100">
	<rsm:ExchangedDocumentContext>
		<ram:BusinessProcessSpecifiedDocumentContextParameter>
			<ram:ID>urn:fdc:peppol.eu:2017:poacc:billing:01:1.0</ram:ID>
		</ram:BusinessProcessSpecifiedDocumentContextParameter>
		<ram:GuidelineSpecifiedDocumentContextParameter>
			<ram:ID>urn:cen.eu:en16931:2017</ram:ID>
		</ram:GuidelineSpecifiedDocumentContextParameter>
	</rsm:ExchangedDocumentContext>
	<rsm:SupplyChainTradeTransaction>
		<ram:ApplicableHeaderTradeDelivery/>
	</rsm:SupplyChainTradeTransaction>
</rsm:CrossIndustryInvoice>"
`;

exports[`CII should encode date/time strings correctly 1`] = `
"<?xml version="1.0" encoding="utf-8"?>
<rsm:CrossIndustryInvoice xmlns:xsi="http://www.w3.org/2001/XMLSchema-instance" xsi:schemaLocation="urn:un:unece:uncefact:data:standard:CrossIndustryInvoice:100 ../schema/D16B%20SCRDM%20(Subset)/uncoupled%20clm/CII/uncefact/data/standard/CrossIndustryInvoice_100pD16B.xsd" xmlns:qdt="urn:un:unece:uncefact:data:standard:QualifiedDataType:100" xmlns:udt="urn:un:unece:uncefact:data:standard:UnqualifiedDataType:100" xmlns:rsm="urn:un:unece:uncefact:data:standard:CrossIndustryInvoice:100" xmlns:ram="urn:un:unece:uncefact:data:standard:ReusableAggregateBusinessInformationEntity:100">
	<rsm:ExchangedDocument>
		<ram:IssueDateTime>
			<udt:DateTimeString format="102">20241108</udt:DateTimeString>
		</ram:IssueDateTime>
	</rsm:ExchangedDocument>
	<rsm:SupplyChainTradeTransaction>
		<ram:ApplicableHeaderTradeDelivery/>
	</rsm:SupplyChainTradeTransaction>
</rsm:CrossIndustryInvoice>"
`;

exports[`CII should omit missing string values 1`] = `
"<?xml version="1.0" encoding="utf-8"?>
<rsm:CrossIndustryInvoice xmlns:xsi="http://www.w3.org/2001/XMLSchema-instance" xsi:schemaLocation="urn:un:unece:uncefact:data:standard:CrossIndustryInvoice:100 ../schema/D16B%20SCRDM%20(Subset)/uncoupled%20clm/CII/uncefact/data/standard/CrossIndustryInvoice_100pD16B.xsd" xmlns:qdt="urn:un:unece:uncefact:data:standard:QualifiedDataType:100" xmlns:udt="urn:un:unece:uncefact:data:standard:UnqualifiedDataType:100" xmlns:rsm="urn:un:unece:uncefact:data:standard:CrossIndustryInvoice:100" xmlns:ram="urn:un:unece:uncefact:data:standard:ReusableAggregateBusinessInformationEntity:100">
	<rsm:ExchangedDocumentContext>
		<ram:GuidelineSpecifiedDocumentContextParameter>
			<ram:ID>urn:cen.eu:en16931:2017</ram:ID>
		</ram:GuidelineSpecifiedDocumentContextParameter>
	</rsm:ExchangedDocumentContext>
	<rsm:SupplyChainTradeTransaction>
		<ram:ApplicableHeaderTradeDelivery/>
	</rsm:SupplyChainTradeTransaction>
</rsm:CrossIndustryInvoice>"
`;
